// Jest Snapshot v1, https://goo.gl/fbAQLP

exports[`Render the Nav Bar Should render Home page successfully 1`] = `ReactWrapper {}`;
